test_adopted_unchanged_is_100_not_zero_and_unadopted_blank (test_contract.ResultsContractTests.test_adopted_unchanged_is_100_not_zero_and_unadopted_blank) ... ok
test_corrupted_staging_metadata_is_rejected_before_replace (test_contract.ResultsContractTests.test_corrupted_staging_metadata_is_rejected_before_replace) ... ok
test_independent_source_alignment_detects_changed_price (test_contract.ResultsContractTests.test_independent_source_alignment_detects_changed_price) ... ok
test_invalid_physics_never_overwrites_template (test_contract.ResultsContractTests.test_invalid_physics_never_overwrites_template) ... ok
test_more_than_one_emergency_appends_and_preserves_original_rows (test_contract.ResultsContractTests.test_more_than_one_emergency_appends_and_preserves_original_rows) ... ok
test_cross_day_storage_continuity_rejects_reset (test_contract.SettlementAndPhysicsTests.test_cross_day_storage_continuity_rejects_reset) ... ok
test_event_merge_split_midnight_and_no_event (test_contract.SettlementAndPhysicsTests.test_event_merge_split_midnight_and_no_event) ... ok
test_failed_solver_audit_rejected (test_contract.SettlementAndPhysicsTests.test_failed_solver_audit_rejected) ... ok
test_frozen_revision_and_simultaneous_flows_rejected (test_contract.SettlementAndPhysicsTests.test_frozen_revision_and_simultaneous_flows_rejected) ... ok
test_future_forecast_and_history_rejected (test_contract.SettlementAndPhysicsTests.test_future_forecast_and_history_rejected) ... ok
test_multiple_revisions_only_charge_signed_changes_and_fees (test_contract.SettlementAndPhysicsTests.test_multiple_revisions_only_charge_signed_changes_and_fees) ... ok
test_reduction_100_to_80_costs_90 (test_contract.SettlementAndPhysicsTests.test_reduction_100_to_80_costs_90) ... ok
test_published_hourly_points_integrate_causally_with_frozen_issue_ablation (test_forecasting.ForecastingTests.test_published_hourly_points_integrate_causally_with_frozen_issue_ablation) ... ok
test_unseen_actuals_publications_and_forbidden_A4_cannot_change_decisions (test_forecasting.ForecastingTests.test_unseen_actuals_publications_and_forbidden_A4_cannot_change_decisions) ... ok
test_week_masks_and_history_window_never_manufacture_observations (test_forecasting.ForecastingTests.test_week_masks_and_history_window_never_manufacture_observations) ... ok
test_weight_ablation_has_common_support_and_uniform_shuffling_keeps_marginals (test_forecasting.ForecastingTests.test_weight_ablation_has_common_support_and_uniform_shuffling_keeps_marginals) ... ok
test_cross_day_continuation_never_resets_inventory (test_optimization.OptimizationTests.test_cross_day_continuation_never_resets_inventory) ... ok
test_downward_revision_total_is_ninety (test_optimization.OptimizationTests.test_downward_revision_total_is_ninety) ... ok
test_execution_cannot_charge_using_emergency_and_respects_capacity (test_optimization.OptimizationTests.test_execution_cannot_charge_using_emergency_and_respects_capacity) ... ok
test_fixed_plan_scenario_balances_are_distinct (test_optimization.OptimizationTests.test_fixed_plan_scenario_balances_are_distinct) ... ok
test_invalid_weights_and_future_price_placeholders_rejected (test_optimization.OptimizationTests.test_invalid_weights_and_future_price_placeholders_rejected) ... ok
test_lp_repair_preserves_inventory_and_balance (test_optimization.OptimizationTests.test_lp_repair_preserves_inventory_and_balance) ... ok
test_milp_and_repaired_lp_have_equal_cyclic_cost (test_optimization.OptimizationTests.test_milp_and_repaired_lp_have_equal_cyclic_cost) ... ok
test_opportunity_value_reserves_energy_for_expensive_deficit (test_optimization.OptimizationTests.test_opportunity_value_reserves_energy_for_expensive_deficit) ... ok
test_terminal_piecewise_cost_is_not_actual_bill (test_optimization.OptimizationTests.test_terminal_piecewise_cost_is_not_actual_bill) ... ok
test_adopted_revisions_overwrite_only_unexecuted_suffix (test_simulation.SimulationCausalityTests.test_adopted_revisions_overwrite_only_unexecuted_suffix) ... ok
test_calibration_candidates_enter_validation_with_identical_inventory (test_simulation.SimulationCausalityTests.test_calibration_candidates_enter_validation_with_identical_inventory) ... ok
test_future_actuals_cannot_change_any_prior_action_or_issued_plan (test_simulation.SimulationCausalityTests.test_future_actuals_cannot_change_any_prior_action_or_issued_plan) ... ok
test_month_end_selected_mode_and_bandwidth_do_not_change_january (test_simulation.SimulationCausalityTests.test_month_end_selected_mode_and_bandwidth_do_not_change_january) ... ok
test_high_price_and_shortage_joint_tail_changes_procurement (test_theory.EconomicBenchmarks.test_high_price_and_shortage_joint_tail_changes_procurement) ... ok
test_no_storage_asymmetric_cost_selects_eightieth_quantile (test_theory.EconomicBenchmarks.test_no_storage_asymmetric_cost_selects_eightieth_quantile) ... ok
test_revision_downward_contract_example (test_theory.EconomicBenchmarks.test_revision_downward_contract_example) ... ok
test_revision_seventieth_to_ninetieth_quantile_band (test_theory.EconomicBenchmarks.test_revision_seventieth_to_ninetieth_quantile_band) ... ok
test_unused_information_cannot_worsen_the_exact_feasible_optimum (test_theory.EconomicBenchmarks.test_unused_information_cannot_worsen_the_exact_feasible_optimum) ... ok

----------------------------------------------------------------------
Ran 34 tests in 11.904s

OK
